========================================================
Lanzando trabajo de entrenamiento de Random Forest
Fecha: dom jun 15 13:52:54 CEST 2025
Nodo: ledley
Directorio: /home/alumno09/Tarea_MachineLearning
CPUs asignadas: 20
========================================================
-> Registrados 20 cores para el entrenamiento en paralelo.
-> Cargando el conjunto de entrenamiento 'train_set.rds'...
-> Limpiando los nombres de los niveles de la variable 'class'...
-> Nuevos nombres de clase:
[1] "X5.UTR"     "ICE"        "lncRNA"     "ncRNA"      "pseudoGene"
[6] "UTR"       
-> Estrategia de entrenamiento definida.
-> Grid de hiperparámetros para Random Forest definido.

*** INICIANDO ENTRENAMIENTO DEL MODELO RANDOM FOREST ***
Aggregating results
Selecting tuning parameters
Fitting mtry = 4, splitrule = extratrees, min.node.size = 10 on full training set

*** ENTRENAMIENTO FINALIZADO ***
-> Guardando el objeto del modelo en 'modelo_rf_final.rds'...

-> Resumen del modelo entrenado:
Random Forest 

142982 samples
    41 predictor
     6 classes: 'X5.UTR', 'ICE', 'lncRNA', 'ncRNA', 'pseudoGene', 'UTR' 

No pre-processing
Resampling: Cross-Validated (10 fold, repeated 3 times) 
Summary of sample sizes: 128685, 128683, 128684, 128684, 128684, 128683, ... 
Addtional sampling using down-sampling

Resampling results across tuning parameters:

  mtry  min.node.size  splitrule   logLoss    AUC        prAUC      Accuracy 
   4     1             gini        0.8374524  0.8997363  0.5903587  0.7822989
   4     1             extratrees  0.8690077  0.8897066  0.5880339  0.8091997
   4     5             gini        0.8418045  0.8999845  0.5881816  0.7795947
   4     5             extratrees  0.8754966  0.8896676  0.5855951  0.8104166
   4    10             gini        0.8437188  0.8996373  0.5853794  0.7809537
   4    10             extratrees  0.8823722  0.8879007  0.5803371  0.8111440
   7     1             gini        0.8098938  0.9024630  0.5885271  0.7722395
   7     1             extratrees  0.8278566  0.8963962  0.5895280  0.7963357
   7     5             gini        0.8068062  0.9033414  0.5864999  0.7716496
   7     5             extratrees  0.8312423  0.8962353  0.5865854  0.7956362
   7    10             gini        0.8091647  0.9026199  0.5843646  0.7715726
   7    10             extratrees  0.8328277  0.8955655  0.5817438  0.7963030
  10     1             gini        0.7974330  0.9028208  0.5855802  0.7675908
  10     1             extratrees  0.8132642  0.8985712  0.5873044  0.7870805
  10     5             gini        0.8009894  0.9029861  0.5843889  0.7656652
  10     5             extratrees  0.8127456  0.8988709  0.5843524  0.7869802
  10    10             gini        0.7994623  0.9026553  0.5817932  0.7658633
  10    10             extratrees  0.8154436  0.8979978  0.5803696  0.7868286
  15     1             gini        0.7974271  0.9018469  0.5804457  0.7632638
  15     1             extratrees  0.8055965  0.8995886  0.5848972  0.7782938
  15     5             gini        0.7958391  0.9018415  0.5794519  0.7637605
  15     5             extratrees  0.8041330  0.8997893  0.5824331  0.7776014
  15    10             gini        0.7967378  0.9016590  0.5777326  0.7623477
  15    10             extratrees  0.8025951  0.8989645  0.5787924  0.7783939
  Kappa      Mean_F1    Mean_Sensitivity  Mean_Specificity  Mean_Pos_Pred_Value
  0.5843971  0.5321013  0.6302674         0.9533951         0.5266187          
  0.6206450  0.5343943  0.6266684         0.9570624         0.5209576          
  0.5809827  0.5310032  0.6298126         0.9530928         0.5256891          
  0.6224596  0.5340595  0.6251952         0.9572871         0.5200641          
  0.5826558  0.5304748  0.6276570         0.9532900         0.5244425          
  0.6230371  0.5314694  0.6195349         0.9572591         0.5171325          
  0.5721688  0.5305144  0.6321908         0.9524393         0.5280761          
  0.6034129  0.5316002  0.6288229         0.9557015         0.5239927          
  0.5713287  0.5296826  0.6304796         0.9522989         0.5276604          
  0.6022613  0.5299709  0.6249820         0.9555839         0.5221353          
  0.5712790  0.5289864  0.6281508         0.9523443         0.5266236          
  0.6028877  0.5281523  0.6215300         0.9556074         0.5197010          
  0.5662063  0.5282887  0.6313364         0.9517821         0.5274735          
  0.5907573  0.5287381  0.6273148         0.9544164         0.5241616          
  0.5638917  0.5278374  0.6308874         0.9516147         0.5266722          
  0.5907898  0.5280915  0.6255090         0.9544369         0.5231180          
  0.5639007  0.5266995  0.6276853         0.9515780         0.5260735          
  0.5902564  0.5263241  0.6218029         0.9543972         0.5219184          
  0.5602260  0.5251081  0.6282398         0.9511259         0.5251037          
  0.5792173  0.5262036  0.6262729         0.9532913         0.5249093          
  0.5608990  0.5250642  0.6279955         0.9512599         0.5252803          
  0.5785644  0.5261777  0.6251798         0.9532030         0.5241467          
  0.5591166  0.5244446  0.6260185         0.9510368         0.5249907          
  0.5790892  0.5239579  0.6200879         0.9532581         0.5226178          
  Mean_Neg_Pred_Value  Mean_Precision  Mean_Recall  Mean_Detection_Rate
  0.9280377            0.5266187       0.6302674    0.1303832          
  0.9363920            0.5209576       0.6266684    0.1348666          
  0.9272766            0.5256891       0.6298126    0.1299324          
  0.9367953            0.5200641       0.6251952    0.1350694          
  0.9276726            0.5244425       0.6276570    0.1301590          
  0.9370786            0.5171325       0.6195349    0.1351907          
  0.9253729            0.5280761       0.6321908    0.1287066          
  0.9324060            0.5239927       0.6288229    0.1327226          
  0.9251831            0.5276604       0.6304796    0.1286083          
  0.9322113            0.5221353       0.6249820    0.1326060          
  0.9251744            0.5266236       0.6281508    0.1285954          
  0.9324244            0.5197010       0.6215300    0.1327172          
  0.9241452            0.5274735       0.6313364    0.1279318          
  0.9296839            0.5241616       0.6273148    0.1311801          
  0.9236696            0.5266722       0.6308874    0.1276109          
  0.9296158            0.5231180       0.6255090    0.1311634          
  0.9237137            0.5260735       0.6276853    0.1276439          
  0.9296366            0.5219184       0.6218029    0.1311381          
  0.9230640            0.5251037       0.6282398    0.1272106          
  0.9272265            0.5249093       0.6262729    0.1297156          
  0.9232361            0.5252803       0.6279955    0.1272934          
  0.9269822            0.5241467       0.6251798    0.1296002          
  0.9228703            0.5249907       0.6260185    0.1270580          
  0.9272619            0.5226178       0.6200879    0.1297323          
  Mean_Balanced_Accuracy
  0.7918313             
  0.7918654             
  0.7914527             
  0.7912412             
  0.7904735             
  0.7883970             
  0.7923150             
  0.7922622             
  0.7913892             
  0.7902830             
  0.7902476             
  0.7885687             
  0.7915592             
  0.7908656             
  0.7912511             
  0.7899730             
  0.7896316             
  0.7881000             
  0.7896829             
  0.7897821             
  0.7896277             
  0.7891914             
  0.7885277             
  0.7866730             

Kappa was used to select the optimal model using the largest value.
The final values used for the model were mtry = 4, splitrule = extratrees
 and min.node.size = 10.

-> Proceso completado. Clúster de paralelización detenido.

========================================================
Trabajo de Random Forest finalizado.
Fecha: dom jun 15 14:55:11 CEST 2025
========================================================
